// Jest Snapshot v1, https://goo.gl/fbAQLP

exports[`apply should be able to apply for an example project 1`] = `
[
  [
    "🔎 reading config...",
  ],
  [
    "🔨 building artifact...",
  ],
  [
    "🗜️  zipping artifact...",
  ],
  [
    "🎉 done! [90m(.artifact/contents.zip)[39m",
  ],
]
`;
